// Jest Snapshot v1, https://goo.gl/fbAQLP

exports[`Testing Mission component renders correctly 1`] = `
<div
  className="rockets-container"
  data-testid="rocketid"
>
  <ul
    className="rockets"
  />
</div>
`;
